// Jest Snapshot v1, https://goo.gl/fbAQLP

exports[`Main component should render correctly 1`] = `
<div>
  <section>
    <lazyhydrate-stub
      idletimeout="2000"
      whenvisible="true"
    >
      <!---->
    </lazyhydrate-stub>
     
    <lazyhydrate-stub
      idletimeout="2000"
      whenvisible="true"
    >
      <highleveloverview-stub />
    </lazyhydrate-stub>
     
    <lazyhydrate-stub
      idletimeout="2000"
      whenvisible="true"
    >
      <!---->
    </lazyhydrate-stub>
     
    <lazyhydrate-stub
      idletimeout="2000"
      whenvisible="true"
    >
      <phasefixingdatabaseoutages-stub />
    </lazyhydrate-stub>
     
    <lazyhydrate-stub
      idletimeout="2000"
      whenvisible="true"
    >
      <!---->
    </lazyhydrate-stub>
     
    <lazyhydrate-stub
      idletimeout="2000"
      whenvisible="true"
    >
      <continuousintegrationresult-stub />
    </lazyhydrate-stub>
     
    <lazyhydrate-stub
      idletimeout="2000"
      whenvisible="true"
    >
      <!---->
    </lazyhydrate-stub>
     
    <lazyhydrate-stub
      idletimeout="2000"
      whenvisible="true"
    >
      <phaseelasticsearchresult-stub />
    </lazyhydrate-stub>
     
    <lazyhydrate-stub
      idletimeout="2000"
      whenvisible="true"
    >
      <phasecuttingthecosts-stub />
    </lazyhydrate-stub>
     
    <lazyhydrate-stub
      idletimeout="2000"
      whenvisible="true"
    >
      <!---->
    </lazyhydrate-stub>
     
    <lazyhydrate-stub
      idletimeout="2000"
      whenvisible="true"
    >
      <inventorychangelog-stub />
    </lazyhydrate-stub>
     
    <lazyhydrate-stub
      idletimeout="2000"
      whenvisible="true"
    >
      <!---->
    </lazyhydrate-stub>
     
    <lazyhydrate-stub
      idletimeout="2000"
      whenvisible="true"
    >
      <phasinfrastructureascoderesult-stub />
    </lazyhydrate-stub>
     
    <lazyhydrate-stub
      idletimeout="2000"
      whenvisible="true"
    >
      <!---->
    </lazyhydrate-stub>
     
    <lazyhydrate-stub
      idletimeout="2000"
      whenvisible="true"
    >
      <!---->
    </lazyhydrate-stub>
  </section>
</div>
`;
