// Jest Snapshot v1, https://goo.gl/fbAQLP

exports[`TitleDesc component should render correctly 1`] = `
<section class="title-desc title-desc--white-text">
  <h2>Test title</h2>
  <p>Test description</p>
</section>
`;

exports[`TitleDesc component should render correctly without data 1`] = `
<section class="title-desc title-desc--black-text">
  <h2></h2>
  <!---->
</section>
`;
