// Jest Snapshot v1, https://goo.gl/fbAQLP

exports[`DataAndPasswords component should render correctly 1`] = `
<div>
  <section
    class="p-96_bottom p-media-p-48_bottom"
  >
    <div
      class="container_regular m-96_bottom media-m-48_bottom"
    >
      <h2
        class="case_title_h2 m-12_bottom media-m-12_bottom"
      >
        
      Securely migrated data and passwords
    
      </h2>
       
      <p
        class="case_paragraph m-12_bottom"
      >
        
      Successful and secure data migration was vital as we were moving to a new architecture. The Mad Devs team
      meticulously tested each step so that tasks are performed seamlessly for users and the website’s performance
      under its content management framework isn’t affected.
    
      </p>
       
      <p
        class="case_paragraph"
      >
        
      We have implemented a new password algorithm and integrated it into Django. We have done many tests to ensure
      the quality of the password transfer.
    
      </p>
    </div>
     
    <div
      class="container_full background-color-blue-grey p-48_top p-48_bottom media-p-41_top media-p-41_bottom"
    >
      <div
        class="container_regular"
      >
        <h2
          class="case_title_h2 case_title m-21_bottom media-m-10_bottom"
        >
          
        Website speed boost
      
        </h2>
         
        <p
          class="case_paragraph case_text m-32_bottom media-m-24_bottom"
        >
          
        Website speed is a crucial indicator of successful project development. A slow website negatively affects
        users’ experience and results in a lower search ranking. From June of 2019 to the present, Mad Devs has
        created faster pages for Clutch.co.
      
        </p>
         
        <div
          class="case_cards case_cards-header m-12_bottom"
        >
          <div
            class="case_card-header"
          >
            <p
              class="case_paragraph case_card-header_text"
            >
              <span>
                Page
              </span>
            </p>
             
            <p
              class="case_paragraph case_card-header_text"
            >
              <span>
                Directory
              </span>
            </p>
          </div>
           
          <div
            class="case_card-header"
          >
            <p
              class="case_paragraph case_card-header_text"
            >
              <span>
                URL
              </span>
            </p>
             
            <p
              class="case_paragraph case_card-header_text"
            >
              <span>
                https://clutch.co/jp/it-services
              </span>
            </p>
          </div>
           
          <div
            class="case_card-header"
          >
            <p
              class="case_paragraph case_card-header_text"
            >
              <span>
                Location, connection type
              </span>
            </p>
             
            <p
              class="case_paragraph case_card-header_text"
            >
              <span>
                San Francisco, CA - Chrome - Cable
              </span>
            </p>
          </div>
        </div>
         
        <div
          class="case_cards-body m-78_bottom media-m-48_bottom"
        >
          <div
            class="case_card-body"
          >
            <div>
              Date
            </div>
             
            <div>
              First Contentful Paint
            </div>
             
            <div>
              Speed Index
            </div>
             
            <div>
              Last Painted Hero
            </div>
             
            <div>
              Full Load Time
            </div>
             
            <div>
              Bytes
            </div>
          </div>
           
          <div
            class="case_card-body"
          >
            <div>
              June 8th, 2020
            </div>
             
            <div>
              1.233s
            </div>
             
            <div>
              1.734s
            </div>
             
            <div>
              2.200s
            </div>
             
            <div>
              4.586s
            </div>
             
            <div>
              459 KB
            </div>
          </div>
           
          <div
            class="case_card-body"
          >
            <div>
              Sept. 30th, 2020
            </div>
             
            <div>
              1.167s
            </div>
             
            <div>
              1.535s
            </div>
             
            <div>
              1.845s
            </div>
             
            <div>
              3.457s
            </div>
             
            <div>
              470 KB
            </div>
          </div>
           
          <div
            class="case_card-body"
          >
            <div>
              Aug. 5th, 2021
            </div>
             
            <div>
              1.149s
            </div>
             
            <div>
              1.237s
            </div>
             
            <div>
              1.385s
            </div>
             
            <div>
              3.350s
            </div>
             
            <div>
              659 KB
            </div>
          </div>
        </div>
         
        <div
          class="m-48_bottom case_statistics-container case_statistics-container-3"
        >
          <div
            class="case_statistics-item"
            id="speed-item-0"
          >
            <p
              class="case_paragraph case_statistics-item_header"
              style="color: rgb(160, 160, 161);"
            >
              
    First Contentful Paint
  
            </p>
             
            <!---->
             
            <h3
              class="case_statistics-item_number p-16_bottom"
              style="color: rgb(255, 255, 255);"
            >
              <span
                data-end-value="10"
                data-start-value="1"
                id="statistics-speed-0"
              >
                
      1
    
              </span>
              
    second
  
            </h3>
             
            <!---->
          </div>
          <div
            class="case_statistics-item"
            id="speed-item-1"
          >
            <p
              class="case_paragraph case_statistics-item_header"
              style="color: rgb(160, 160, 161);"
            >
              
    Speed Index
  
            </p>
             
            <!---->
             
            <h3
              class="case_statistics-item_number p-16_bottom"
              style="color: rgb(255, 255, 255);"
            >
              <span
                data-end-value="10"
                data-start-value="1"
                id="statistics-speed-1"
              >
                
      1
    
              </span>
              
    second
  
            </h3>
             
            <!---->
          </div>
          <div
            class="case_statistics-item"
            id="speed-item-2"
          >
            <p
              class="case_paragraph case_statistics-item_header"
              style="color: rgb(160, 160, 161);"
            >
              
    Last Painted Hero
  
            </p>
             
            <!---->
             
            <h3
              class="case_statistics-item_number p-16_bottom"
              style="color: rgb(255, 255, 255);"
            >
              <span
                data-end-value="10"
                data-start-value="1"
                id="statistics-speed-2"
              >
                
      1
    
              </span>
              
    second
  
            </h3>
             
            <!---->
          </div>
        </div>
         
        <p
          class="case_paragraph case_text"
        >
          
        At first glance, the new website pages look identical to the old versions. As Clutch.co already had an
        established group of users, our goal was to build new architecture without interfering with the user
        experience.
      
        </p>
      </div>
    </div>
  </section>
</div>
`;
