// Jest Snapshot v1, https://goo.gl/fbAQLP

exports[`Main component should render correctly 1`] = `
<div>
  <section>
    <lazyhydrate-stub
      idletimeout="2000"
      whenvisible="true"
    >
      <about-stub />
    </lazyhydrate-stub>
     
    <lazyhydrate-stub
      idletimeout="2000"
      whenvisible="true"
    >
      <whycitycam-stub />
    </lazyhydrate-stub>
     
    <lazyhydrate-stub
      idletimeout="2000"
      whenvisible="true"
    >
      <challengesandsolutions-stub />
    </lazyhydrate-stub>
     
    <lazyhydrate-stub
      idletimeout="2000"
      whenvisible="true"
    >
      <prototype-stub />
    </lazyhydrate-stub>
     
    <lazyhydrate-stub
      idletimeout="2000"
      whenvisible="true"
    >
      <powersupply-stub />
    </lazyhydrate-stub>
     
    <lazyhydrate-stub
      idletimeout="2000"
      whenvisible="true"
    >
      <deviceperfecting-stub />
    </lazyhydrate-stub>
     
    <lazyhydrate-stub
      idletimeout="2000"
      whenvisible="true"
    >
      <ongoingprogress-stub />
    </lazyhydrate-stub>
     
    <lazyhydrate-stub
      idletimeout="2000"
      whenvisible="true"
    >
      <technologies-stub />
    </lazyhydrate-stub>
     
    <lazyhydrate-stub
      idletimeout="2000"
      whenvisible="true"
    >
      <team-stub />
    </lazyhydrate-stub>
  </section>
</div>
`;
