// Jest Snapshot v1, https://goo.gl/fbAQLP

exports[`BenefitsFromPekloTool component should render correctly 1`] = `
<div>
  <section
    class="container_regular m-72_bottom media-m-48_bottom"
    data-aos="fade-up"
    data-aos-anchor-placement="bottom"
  >
    <h2
      class="case_title_h2 m-24_bottom"
    >
      
    Who benefits from Peklo Tool
  
    </h2>
     
    <div
      class="colored-cards card-grid-type--two-one"
    >
      <div
        class="colored-card colored-card--1 background-color-black "
      >
        <div
          class="colored-card__image-wrapper"
        >
          <picture-stub
            alt="Digital marketing specialists"
            class="colored-card__image colored-card-image-laptop"
            extension="png"
            file="laptop"
            folder="peklo"
            height="200"
            width="396"
          />
        </div>
         
        <div
          class="colored-card__footer"
        >
          <!---->
           
          <h3
            class="colored-card__title case_title_h4 m-10_bottom media-m-8_bottom text-color-white"
          >
            
      Digital marketing specialists
    
          </h3>
           
          <p
            class="case_paragraph colored-card__description text-color-white"
          >
            
        Automation allows launching contextual ads 2-3 times faster. The saved time can be spent on strategic and creative work that humans are good at, like KPI analysis and media planning.
      
          </p>
           
        </div>
         
        <!---->
      </div>
      <div
        class="colored-card colored-card--2 background-color-gray "
      >
        <div
          class="colored-card__image-wrapper"
        >
          <picture-stub
            alt="Promotion agencies"
            class="colored-card__image colored-card-image-team-communication"
            extension="png"
            file="team-communication"
            folder="peklo"
            height="200"
            width="396"
          />
        </div>
         
        <div
          class="colored-card__footer"
        >
          <!---->
           
          <h3
            class="colored-card__title case_title_h4 m-10_bottom media-m-8_bottom text-color-white"
          >
            
      Promotion agencies
    
          </h3>
           
          <p
            class="case_paragraph colored-card__description text-color-white"
          >
            
        Resources (in specialists’ time) needed to start a contextual ad campaign decrease by 50-80%. It makes delivering the results the customer needs more achievable.
      
          </p>
           
        </div>
         
        <!---->
      </div>
      <div
        class="colored-card colored-card--3 background-color-yellow "
      >
        <!---->
         
        <div
          class="colored-card__footer"
        >
          <!---->
           
          <h3
            class="colored-card__title case_title_h4 m-10_bottom media-m-8_bottom"
          >
            
      Entrepreneurs
    
          </h3>
           
          <p
            class="case_paragraph colored-card__description"
          >
            
        Subscription to Peklo Tool pays off after a single contextual advertising campaign. The money saved by automation can significantly exceed the service’s price.
      
          </p>
           
        </div>
         
        <!---->
      </div>
    </div>
  </section>
</div>
`;
