// Jest Snapshot v1, https://goo.gl/fbAQLP

exports[`cuNavigation is a Vue instance 1`] = `
<div>
  <div
    class="cluster-navigation"
    id="123qweasd"
  >
    <div
      class="container"
    >
      <div
        class="cluster-navigation__list"
      />
       
      <section
        style="background-color: rgb(244, 244, 244);"
      >
        <div
          class="container"
          data-testid="nav-link__container"
        >
          <div
            class="nav-link-slice__links nav-link-slice__links-center"
          >
            <p
              class="nav-link-slice__link nav-link-slice__link-active"
              target="_self"
            >
              Previous
            </p>
             
            <p
              class="nav-link-slice__link nav-link-slice__link-active"
              target="_self"
            >
              Next
            </p>
          </div>
        </div>
      </section>
    </div>
  </div>
</div>
`;
