// Jest Snapshot v1, https://goo.gl/fbAQLP

exports[`Customer university navigation should render correctly with props 1`] = `
<div class="cluster-navigation">
  <div class="container">
    <h4 class="cluster-navigation__title">
      Custom software development pricing strategies
    </h4>
    <div class="cluster-navigation__list">
      <section post="[object Object]" class="cluster-navigation__list-item" style="transition: all .5s; transform: translateX(0px);">
        <postcard-stub post="[object Object]" width="288" height="177" textcolor="#707072" theme="light" limit="70"></postcard-stub>
      </section>
    </div>
    <nextpreviewbuttons-stub left="true"></nextpreviewbuttons-stub>
  </div>
</div>
`;
