// Jest Snapshot v1, https://goo.gl/fbAQLP

exports[`CtaBannerSlice component should render correctly 1`] = `
<div>
  <section
    class="cta-banner-slice"
  >
    <div
      class="container"
    >
      <div
        class="cta-banner-slice_content"
      >
        <div
          class="cta-banner-slice__info"
        >
          <h2
            class="cta-banner-slice_title"
          />
           
          <p
            class="cta-banner-slice_description"
          />
           
          <button
            class="ui-button"
            style="position: relative; overflow: hidden;"
          >
            
          
        
            <div
              class="wave"
            />
          </button>
        </div>
         
        <img
          alt="Image"
          class="cta-banner-slice__image"
          height="490"
          width="395"
        />
         
        <div
          class="cta-banner-slice__man"
        >
          <h3
            class="cta-banner-slice__man-name"
          >
            
          
        
          </h3>
           
          <span
            class="cta-banner-slice__man-position"
          >
            
          
        
          </span>
        </div>
      </div>
    </div>
     
    <div
      class="cta-banner-slice__modal"
    >
      <!---->
    </div>
  </section>
</div>
`;
