// Jest Snapshot v1, https://goo.gl/fbAQLP

exports[`Lido ProjectPlanning component should correctly render component 1`] = `
<div>
  <section
    class="case-lido__project-planning m-96_bottom media-m-48_bottom"
  >
    <div
      class="container_regular"
    >
      <h3
        class="case_title_h2 m-12_bottom"
      >
        
      Project planning and management
    
      </h3>
       
      <p
        class="case_paragraph m-24_bottom"
      >
        
      To perform client tasks, the most qualified programmers were recruited.
      The first phase of the project involved 4 people, while the second phase involved 3 developers.
    
      </p>
       
      <p
        class="case_paragraph m-24_bottom"
      >
        
      Work on both objectives occured in several phases:
    
      </p>
       
      <ul
        class="case_list m-24_bottom"
      >
        <li
          class="case-lido__story-behind-list-item list-item-custom-check-mark background-color-medium-turquoise"
          data-aos="fade-up"
          data-aos-anchor-placement="bottom"
        >
          <img
            alt="[object Object]"
            class="list-item__box-icon"
            data-src="img.jpg"
            height="25"
            width="25"
          />
           
          <p
            class="case_paragraph case-lido__project-planning-list-item-description text-color-white"
          >
            
          Research and Development
        
          </p>
        </li>
        <li
          class="case-lido__story-behind-list-item list-item-custom-check-mark background-color-scooter"
          data-aos="fade-up"
          data-aos-anchor-placement="bottom"
        >
          <img
            alt="[object Object]"
            class="list-item__box-icon"
            data-src="img.jpg"
            height="25"
            width="25"
          />
           
          <p
            class="case_paragraph case-lido__project-planning-list-item-description text-color-white"
          >
            
          Checklists and collaborative markdown files filling 
        
          </p>
        </li>
        <li
          class="case-lido__story-behind-list-item list-item-custom-check-mark background-color-picton-blue"
          data-aos="fade-up"
          data-aos-anchor-placement="bottom"
        >
          <img
            alt="[object Object]"
            class="list-item__box-icon"
            data-src="img.jpg"
            height="25"
            width="25"
          />
           
          <p
            class="case_paragraph case-lido__project-planning-list-item-description text-color-white"
          >
            
          Implementation
        
          </p>
        </li>
        <li
          class="case-lido__story-behind-list-item list-item-custom-check-mark background-color-blue-sky"
          data-aos="fade-up"
          data-aos-anchor-placement="bottom"
        >
          <img
            alt="[object Object]"
            class="list-item__box-icon"
            data-src="img.jpg"
            height="25"
            width="25"
          />
           
          <p
            class="case_paragraph case-lido__project-planning-list-item-description text-color-white"
          >
            
          Integration tests
        
          </p>
        </li>
        <li
          class="case-lido__story-behind-list-item list-item-custom-check-mark background-color-picton-blue-darker"
          data-aos="fade-up"
          data-aos-anchor-placement="bottom"
        >
          <img
            alt="[object Object]"
            class="list-item__box-icon"
            data-src="img.jpg"
            height="25"
            width="25"
          />
           
          <p
            class="case_paragraph case-lido__project-planning-list-item-description text-color-white"
          >
            
          Control tests
        
          </p>
        </li>
        <li
          class="case-lido__story-behind-list-item list-item-custom-check-mark background-color-butterfly-blue"
          data-aos="fade-up"
          data-aos-anchor-placement="bottom"
        >
          <img
            alt="[object Object]"
            class="list-item__box-icon"
            data-src="img.jpg"
            height="25"
            width="25"
          />
           
          <p
            class="case_paragraph case-lido__project-planning-list-item-description text-color-white"
          >
            
          Audits*
        
          </p>
        </li>
        <li
          class="case-lido__story-behind-list-item list-item-custom-check-mark background-color-ball-blue"
          data-aos="fade-up"
          data-aos-anchor-placement="bottom"
        >
          <img
            alt="[object Object]"
            class="list-item__box-icon"
            data-src="img.jpg"
            height="25"
            width="25"
          />
           
          <p
            class="case_paragraph case-lido__project-planning-list-item-description text-color-white"
          >
            
          Review of work
        
          </p>
        </li>
      </ul>
       
      <p
        class="case_paragraph"
      >
        
      *IMPORTANT: Lido ensures that smart contracts are always audited by external companies
      because it is a matter of security and the right functionality.
    
      </p>
    </div>
  </section>
</div>
`;
