// Jest Snapshot v1, https://goo.gl/fbAQLP

exports[`Main component should render correctly 1`] = `
<div>
  <div
    class="open-source"
  >
    <!---->
     
    <!---->
     
    <!---->
     
    <div
      class="open-source--bg-white"
    >
      <!---->
       
      <!---->
    </div>
  </div>
</div>
`;
