// Jest Snapshot v1, https://goo.gl/fbAQLP

exports[`Main component should render correctly 1`] = `
<div>
  <section>
    <lazyhydrate-stub
      idletimeout="2000"
      whenvisible="true"
    >
      <about-stub />
    </lazyhydrate-stub>
     
    <lazyhydrate-stub
      idletimeout="2000"
      whenvisible="true"
    >
      <benefits-stub />
    </lazyhydrate-stub>
     
    <lazyhydrate-stub
      idletimeout="2000"
      whenvisible="true"
    >
      <requirements-stub />
    </lazyhydrate-stub>
     
    <lazyhydrate-stub
      idletimeout="2000"
      whenvisible="true"
    >
      <faulttolerance-stub />
    </lazyhydrate-stub>
     
    <lazyhydrate-stub
      idletimeout="2000"
      whenvisible="true"
    >
      <mobileapplications-stub />
    </lazyhydrate-stub>
     
    <lazyhydrate-stub
      idletimeout="2000"
      whenvisible="true"
    >
      <techstacknamba-stub />
    </lazyhydrate-stub>
     
    <lazyhydrate-stub
      idletimeout="2000"
      whenvisible="true"
    >
      <teamnambataxi-stub />
    </lazyhydrate-stub>
  </section>
</div>
`;
