// Jest Snapshot v1, https://goo.gl/fbAQLP

exports[`Post _uid component should render correctly 1`] = `
<div>
  <postview-stub
    date=""
    id=""
    metatitle=""
    open-grapht-url=""
    opengraphurl=""
    recommendedposts=""
    slices=""
    subtitle=""
    tableofcontents=""
    tags=""
    title=""
    type=""
  />
</div>
`;
