// Jest Snapshot v1, https://goo.gl/fbAQLP

exports[`slice block component should render correctly 1`] = `
<div>
  <section>
    <section
      class=""
      data-testid="test-slice-post"
    >
      <div
        class="post-part single"
      >
        <prismicrichtext-stub
          class="textslice"
          field="[object Object]"
        />
      </div>
    </section>
    <section
      class="quote"
      data-testid="test-slice-post"
    >
      <lazyhydrate-stub
        idletimeout="2000"
        whenvisible="true"
      >
        <!---->
      </lazyhydrate-stub>
    </section>
    <section
      class=""
      data-testid="test-slice-post"
    >
      <div
        class="post-part single"
      >
        <div
          class="prism-editor-wrapper code-sample"
        >
          <div
            class="prism-editor__container"
          >
            <textarea
              autocapitalize="off"
              autocomplete="off"
              autocorrect="off"
              class="prism-editor__textarea prism-editor__textarea--empty"
              data-gramm="false"
              data-testid="textarea"
              placeholder=""
              readonly="readonly"
              spellcheck="false"
            />
            <pre
              class="prism-editor__editor"
              data-testid="preview"
            >
              <br />
            </pre>
          </div>
        </div>
      </div>
    </section>
    <section
      class=""
      data-testid="test-slice-post"
    >
      <lazyhydrate-stub
        idletimeout="2000"
        whenvisible="true"
      >
        <imagecaptionslice-stub
          slice="[object Object]"
        />
      </lazyhydrate-stub>
    </section>
    <section
      class=""
      data-testid="test-slice-post"
    >
      <lazyhydrate-stub
        idletimeout="2000"
        whenvisible="true"
      >
        <imageattributesslice-stub
          slice="[object Object]"
        />
      </lazyhydrate-stub>
    </section>
    <section
      class=""
      data-testid="test-slice-post"
    >
      <lazyhydrate-stub
        idletimeout="2000"
        whenvisible="true"
      >
        <!---->
      </lazyhydrate-stub>
    </section>
  </section>
</div>
`;
