// Jest Snapshot v1, https://goo.gl/fbAQLP

exports[`ReadForm component should render correctly with data 1`] = `
<div class="read-form">
  <div class="read-form__fields">
    <h2 class="modal-content__title">
      Ebook title
    </h2>
    <h2 class="read-form__sub-title">
      Get your copy of “ Ebook subtitle”
    </h2>
    <div class="read-form__inputs">
      <baseinput-stub name="name" elementtype="input" label="Label" placeholder="Your name" required="true" type="text" validation="[object Object]" value=""></baseinput-stub>
      <baseinput-stub name="email" elementtype="input" label="Label" placeholder="Email" required="true" type="text" validation="[object Object]" value=""></baseinput-stub>
    </div>
    <uiformcheckbox-stub id="test"></uiformcheckbox-stub> <button id="" class="read-form__button read-form__button--always-fullsized">
      Send me the ebook
    </button>
  </div>
  <p class="read-form__caption">
    By providing your email address, you agree to our Privacy Policy. We will
    not send you any spam – only link for downloading the ebook and some more
    useful resources in the future.
  </p>
</div>
`;