// Jest Snapshot v1, https://goo.gl/fbAQLP

exports[`BeforeAfter component should render correctly 1`] = `
<div>
  <section>
    <section
      class="container_full case_before-after-wrapper background-color-silver m-48_top media-m-20_top"
    >
      <h2
        class="case_title_h2 m-24_bottom case_text-align-center"
      >
        
      Before & After
    
      </h2>
       
      <div
        class="container_regular"
      >
        <div
          class="img-wrapper"
        >
          <img
            alt="Before image"
            class="img-wrapper__before-img"
            data-src="img.jpg"
            height="472"
            width="772"
          />
           
          <div
            class="img-wrapper__compare-overlay"
            style="width: 50%;"
          >
            <img
              alt="After image"
              class="img-wrapper__after-img"
              data-src="img.jpg"
              height="472"
              width="772"
            />
          </div>
           
          <input
            class="img-wrapper__compare-range"
            max="100"
            min="0"
            step="0.05"
            tabindex="-1"
            type="range"
          />
           
          <div
            class="img-wrapper__handle-wrap"
            style="left: 50%;"
          >
            <div
              class="img-wrapper__handle"
            >
              <svg
                class="img-wrapper__handle-arrow img-wrapper__handle-arrow--l"
                fill="none"
                height="24"
                stroke="currentColor"
                stroke-linecap="round"
                stroke-linejoin="round"
                stroke-width="2"
                viewBox="0 0 24 24"
                width="24"
                xmlns="http://www.w3.org/2000/svg"
              >
                <polyline
                  points="15 18 9 12 15 6"
                />
              </svg>
               
              <svg
                class="img-wrapper__handle-arrow img-wrapper__handle-arrow--r"
                fill="none"
                height="24"
                stroke="currentColor"
                stroke-linecap="round"
                stroke-linejoin="round"
                stroke-width="2"
                viewBox="0 0 24 24"
                width="24"
                xmlns="http://www.w3.org/2000/svg"
              >
                <polyline
                  points="9 18 15 12 9 6"
                />
              </svg>
            </div>
             
            <span
              class="img-wrapper__handle-line"
            />
          </div>
        </div>
      </div>
    </section>
     
    <p
      class="case_image-description m-12_top m-104_bottom media-m-48_bottom"
    >
      
    GoDee 2018 VS. GoDee 2022
  
    </p>
  </section>
</div>
`;
