// Jest Snapshot v1, https://goo.gl/fbAQLP

exports[`IntellegentManagementPanel component should render correctly 1`] = `
<div>
  <section>
    <section
      class="container_regular"
    >
      <h3
        class="case_title_h2 m-96_top media-m-48_top m-12_bottom"
      >
        
      Intelligent management panel
    
      </h3>
       
      <p
        class="case_paragraph"
      >
        
      GoDee's rapid growth since its early stages required easy-to-scale business processes and automated route
      management. Although, in theory, everything can be done with an army of sales representatives and route
      operators, GoDee wanted to automate routine operations so it could expand to other cities and countries.
    
      </p>
       
      <div
        class="case_quote-wrap m-48_top m-48_bottom media-m-24_top media-m-24_bottom m-auto"
      >
        <blockquote
          class="case_blockquote-box m-auto"
        >
          
      One manager and one customer support representative can manage more than ~2500 trip requests per month and
      ~25,000 passengers per month.
    
        </blockquote>
         
        <!---->
      </div>
       
      <h3
        class="case_title_h3 m-12_bottom"
      >
        
      Smart route planning
    
      </h3>
       
      <p
        class="case_paragraph case_paragraph--bold"
      >
        
      How can we create profitable yet convenient user routes?
    
      </p>
       
      <p
        class="case_paragraph m-24_bottom media-m-12_bottom"
      >
        
      Let users send 
        <span
          class="case_red-text"
        >
          trip requests
        </span>
         and tell you what works for them. This
      feature was available initially through the MVP phase, and it enables GoDee route managers to build
      effective routes by understanding real commuter demand.
    
      </p>
       
      <p
        class="case_paragraph"
      >
        
      Inside the transportation application, users can submit a trip request with pick-up and drop-off locations
      at the desired time. The request is added to the list on the managers' dashboard.
    
      </p>
    </section>
     
    <section
      class="container_middle"
    >
      <div
        class="case_image-wrapper m-48_top media-m-24_top m-60_bottom media-m-24_bottom case_box-shadow"
      >
        <picture-stub
          alt="GoDee: Safari Browser Top Bar White."
          background="true"
          extension="jpg"
          file="safari-top-bar-white"
          folder="common"
          height="16.45"
          width="1026"
        />
         
        <picture-stub
          alt="GoDee: Bus Transit App Admin Panel."
          extension="jpg"
          file="godee-admin-panel"
          folder="godee"
          height="672"
          width="1026"
        />
      </div>
       
      <div
        class="card-content background-color-silver m-48_bottom media-m-24_bottom"
      >
        <div
          class="card-content_left-item"
        >
          <h4
            class="case_title_h4 m-12_bottom card-content_description-title"
          >
            
      Prim's algorithm
    
          </h4>
           
          <p
            class="case_paragraph"
          >
            
      Prim's algorithm is used to effectively connect the dots on a map. This is how a trip request list is
      transformed into a map, where new potential routes are displayed for easier overview. The algorithm connects the
      dots and the map’s possible routes. Our aim is to connect as many dots as possible while keeping the longevity
      under 20 km.
    
          </p>
        </div>
         
        <div
          class="card-content_right-item"
        >
          <div
            class="lottie-container"
            style="--height: 900px; --width: 100%;"
          />
        </div>
      </div>
       
      <div
        class="case_html-video-wrapper m-48_top media-m-24_top m-60_bottom media-m-24_bottom case_box-shadow"
      >
        <div
          class="case_video-flex-wrapper"
        >
          <picture-stub
            alt="GoDee: Safari Browser Top Bar White."
            background="true"
            extension="jpg"
            file="safari-top-bar-white"
            folder="common"
            height="16.45"
            lazy="true"
            width="1026"
          />
           
          <!---->
        </div>
      </div>
    </section>
  </section>
</div>
`;
