// Jest Snapshot v1, https://goo.gl/fbAQLP

exports[`KeyProjectMilestones component should render correctly 1`] = `
<div>
  <section
    class="container_regular p-96_bottom p-96_top media-p-48_top media-p-0_bottom key-project-milestone"
  >
    <h3
      class="case_title_h2 m-48_bottom media-m-24_bottom"
    >
      
    Key project milestones
  
    </h3>
     
    <div
      class="media-m-48_bottom case_key-project-milestones"
    >
      <div
        class="case_cards-container m-12_bottom"
      >
        <div
          class="case_column"
        >
          <div
            class="case_card card-content background-color-silver"
          >
            <img
              alt="Icon"
              class="card-content_icon"
              data-src="img.jpg"
              height="51.94"
              width="51.94"
            />
             
            <h3
              class="case_title_h4 m-10-bottom"
            >
              
    2016
  
            </h3>
             
            <p
              class="case_paragraph"
            >
              
    As a pet project, Mad Devs developed a streaming service and open-sourced it, quickly finding a customer who wanted to expand the service for their business.
  
            </p>
          </div>
          <div
            class="case_card card-content background-color-silver"
          >
            <img
              alt="Icon"
              class="card-content_icon"
              data-src="img.jpg"
              height="51.94"
              width="51.94"
            />
             
            <h3
              class="case_title_h4 m-10-bottom"
            >
              
    2017
  
            </h3>
             
            <p
              class="case_paragraph"
            >
              
    Live video streaming of popular TV channels became available.
  
            </p>
          </div>
        </div>
         
        <div
          class="case_column"
        >
          <div
            class="case_column-right"
          >
            <div
              class="case_card card-content background-color-silver"
            >
              <img
                alt="Icon"
                class="card-content_icon"
                data-src="img.jpg"
                height="51.94"
                width="51.94"
              />
               
              <h3
                class="case_title_h4 m-10-bottom"
              >
                
    2018
  
              </h3>
               
              <p
                class="case_paragraph"
              >
                
    The project was redesigned to optimise resource consumption.
  
              </p>
            </div>
            <div
              class="case_card card-content background-color-silver"
              lottiefilename=""
            >
              <img
                alt="Icon"
                class="card-content_icon"
                data-src="img.jpg"
                height="51.94"
                width="51.94"
              />
               
              <h3
                class="case_title_h4 m-10-bottom"
              >
                
    2019
  
              </h3>
               
              <p
                class="case_paragraph"
              >
                
    Added Video on Demand functionality.
  
              </p>
            </div>
            <div
              class="case_card card-content background-color-silver"
            >
              <img
                alt="Icon"
                class="card-content_icon"
                data-src="img.jpg"
                height="51.94"
                width="51.94"
              />
               
              <h3
                class="case_title_h4 m-10-bottom"
              >
                
    2020
  
              </h3>
               
              <p
                class="case_paragraph"
              >
                
    User authorisation ensured a more personalised experience for each user. Custom filters, such as ‘favourites’, ‘already watched’ and ‘search’, made the service more viewer-friendly.
  
              </p>
            </div>
          </div>
        </div>
      </div>
    </div>
  </section>
</div>
`;
