// Jest Snapshot v1, https://goo.gl/fbAQLP

exports[`Main component should render correctly 1`] = `
<div>
  <section
    class="case_body p-48_top media-p-24_top"
  >
    <section
      class="container_regular"
      id="case-first-section"
    >
      <h2
        class="case_title_h2 m-24_bottom media-m-12_bottom"
      >
        
    OTT-like video streaming platform & online cinema
  
      </h2>
       
      <p
        class="case_paragraph m-24_bottom media-m-12_bottom"
      >
        
    A custom video streaming solution* was created to provide the ultimate entertainment experience to isolated groups
    of people feeling homesick. Access and the ability to securely watch familiar and up-to-date content on any device
    is something that closely resembles home and its comforts.
  
      </p>
       
      <p
        class="case_paragraph"
      >
        
    According to the Statement of Work, we ensured the platform’s 100% autonomous work and strictly followed the security compliance requirements.
    However, due to an NDA, we are not authorised to share the how-tos and best
    practices related to security.
  
      </p>
       
      <textquote-stub
        class="m-auto m-96_top m-96_bottom media-m-48_top media-m-48_bottom"
      >
        
    Yourcast.TV started as Mad Devs’ pet video-streaming project and evolved into a larger service after we open-sourced our code and found a customer.
    We respect the customer’s request to keep this project under the NDA, and we will not disclose the project’s name while sharing its details.
  
      </textquote-stub>
    </section>
     
    <section
      class="container_regular"
    >
      <h3
        class="case_title_h2 m-24_bottom media-m-12_bottom"
      >
        
    Project in numbers
  
      </h3>
       
      <p
        class="case_paragraph m-48_bottom media-m-24_bottom"
      >
        
    Being a small, highly customised video streaming and online cinema platform, the service remains popular, with its
    audience sharing new feature requests for Mad Devs.
  
      </p>
       
      <div
        class="m-96_bottom media-m-48_bottom"
      >
        <div
          class="case_card"
          style="padding: 0px;"
        >
          <section>
            <div
              class="container_full m-48_top media-m-24_top"
            >
              <div
                class="case_statistics-container case_statistics-container-4"
              >
                <div
                  class="case_statistics-item"
                  id="projectInNumbers-item-0"
                >
                  <!---->
                   
                  <img
                    alt="account"
                    class="case_statistics-item_icon m-21_bottom"
                    data-src="img.jpg"
                    data-testid="test-icon"
                    height="30px"
                    width="30px"
                  />
                   
                  <h3
                    class="case_statistics-item_number p-16_bottom"
                    style="color: rgb(115, 49, 198);"
                  >
                    <span
                      style="color: rgb(115, 49, 198);"
                    >
                       
                    </span>
                    <span
                      data-end-value="7500"
                      data-start-value="7500"
                      id="statistics-projectInNumbers-0"
                      style="color: rgb(115, 49, 198);"
                    >
                      7500
                    </span>
                    <span
                      style="color: rgb(115, 49, 198);"
                    >
                      
                    </span>
                  </h3>
                   
                  <p
                    class="case_paragraph case_statistics-item_description"
                  >
                    
     viewers in the database 
  
                  </p>
                </div>
                <div
                  class="case_statistics-item"
                  id="projectInNumbers-item-1"
                >
                  <!---->
                   
                  <img
                    alt="user_circle"
                    class="case_statistics-item_icon m-21_bottom"
                    data-src="img.jpg"
                    data-testid="test-icon"
                    height="30px"
                    width="30px"
                  />
                   
                  <h3
                    class="case_statistics-item_number p-16_bottom"
                    style="color: rgb(115, 49, 198);"
                  >
                    <span
                      style="color: rgb(115, 49, 198);"
                    >
                       
                    </span>
                    <span
                      data-end-value="6000"
                      data-start-value="6000"
                      id="statistics-projectInNumbers-1"
                      style="color: rgb(115, 49, 198);"
                    >
                      6000
                    </span>
                    <span
                      style="color: rgb(115, 49, 198);"
                    >
                      +
                    </span>
                  </h3>
                   
                  <p
                    class="case_paragraph case_statistics-item_description"
                  >
                    
    active / current viewers
  
                  </p>
                </div>
                <div
                  class="case_statistics-item"
                  id="projectInNumbers-item-2"
                >
                  <!---->
                   
                  <img
                    alt="user_fill_add"
                    class="case_statistics-item_icon m-21_bottom"
                    data-src="img.jpg"
                    data-testid="test-icon"
                    height="30px"
                    width="30px"
                  />
                   
                  <h3
                    class="case_statistics-item_number p-16_bottom"
                    style="color: rgb(115, 49, 198);"
                  >
                    <span
                      style="color: rgb(115, 49, 198);"
                    >
                       
                    </span>
                    <span
                      data-end-value="500"
                      data-start-value="500"
                      id="statistics-projectInNumbers-2"
                      style="color: rgb(115, 49, 198);"
                    >
                      500
                    </span>
                    <span
                      style="color: rgb(115, 49, 198);"
                    >
                      
                    </span>
                  </h3>
                   
                  <p
                    class="case_paragraph case_statistics-item_description"
                  >
                    
    viewers per day
  
                  </p>
                </div>
                <div
                  class="case_statistics-item"
                  id="projectInNumbers-item-3"
                >
                  <!---->
                   
                  <img
                    alt="video_file_fill"
                    class="case_statistics-item_icon m-21_bottom"
                    data-src="img.jpg"
                    data-testid="test-icon"
                    height="30px"
                    width="30px"
                  />
                   
                  <h3
                    class="case_statistics-item_number p-16_bottom"
                    style="color: rgb(115, 49, 198);"
                  >
                    <span
                      style="color: rgb(115, 49, 198);"
                    >
                       
                    </span>
                    <span
                      data-end-value="280"
                      data-start-value="280"
                      id="statistics-projectInNumbers-3"
                      style="color: rgb(115, 49, 198);"
                    >
                      280
                    </span>
                    <span
                      style="color: rgb(115, 49, 198);"
                    >
                      -300
                    </span>
                  </h3>
                   
                  <p
                    class="case_paragraph case_statistics-item_description"
                  >
                    
    concurrent viewers
  
                  </p>
                </div>
              </div>
            </div>
          </section>
        </div>
      </div>
    </section>
     
    <section>
      <div
        class="container_regular"
      >
        <h3
          class="case_title_h2 m-24_bottom media-m-12_bottom"
        >
          
      Supported gadgets
    
        </h3>
         
        <p
          class="case_paragraph m-48_bottom media-m-24_bottom"
        >
          
      The platform is available on any device and remains equally friendly to both web and mobile users. Since 2016, the
      project has been continuously improving to provide more options for each category of viewers.
    
        </p>
      </div>
       
      <div
        class="container_full background-color-black p-100_top p-100_bottom media-p-48_top media-p-48_bottom"
      >
        <div
          class="container_regular"
        >
          <div
            class="case_cards-group"
          >
            <div
              class="case_card case_card background-color-dark-purple06"
            >
              <h3
                class="case_title_h4 case_card-title"
              >
                
            Smartphones
          
              </h3>
               
              <!---->
               
              <div
                class="case_card-img"
              >
                <picture-stub
                  alt="OTT-like Online Video Streaming Platform on IPhone X Smartphone."
                  extension="png"
                  file="smartphones"
                  folder="yourcast"
                  height="393"
                  width="333"
                />
              </div>
            </div>
            <div
              class="case_card case_card background-color-dark-purple05"
            >
              <h3
                class="case_title_h4 case_card-title"
              >
                
            Tablets
          
              </h3>
               
              <!---->
               
              <div
                class="case_card-img"
              >
                <picture-stub
                  alt="OTT-like Online Video Streaming Platform on IPad Tablet."
                  extension="png"
                  file="ipad-pro-tablets"
                  folder="yourcast"
                  height="768"
                  width="1062"
                />
              </div>
            </div>
            <div
              class="case_card case_card background-color-dark-purple04"
            >
              <h3
                class="case_title_h4 case_card-title"
              >
                
            Laptops
          
              </h3>
               
              <!---->
               
              <div
                class="case_card-img"
              >
                <picture-stub
                  alt="OTT-like Online Video Streaming Platform on MacBook Pro Laptop."
                  extension="png"
                  file="macbook-laptops"
                  folder="yourcast"
                  height="972"
                  width="1324"
                />
              </div>
            </div>
          </div>
        </div>
      </div>
    </section>
     
    <section
      class="container_regular p-96_bottom p-96_top media-p-48_top media-p-0_bottom key-project-milestone"
    >
      <h3
        class="case_title_h2 m-48_bottom media-m-24_bottom"
      >
        
    Key project milestones
  
      </h3>
       
      <div
        class="parallax_cards"
      >
        <div
          class="parallax_cards__item"
        >
          <div
            class="card-content background-color-silver"
            iconheight="51.94"
            iconwidth="51.94"
          >
            <img
              alt="Icon"
              class="card-content_icon"
              data-src="img.jpg"
              height="51.94"
              width="51.94"
            />
             
            <h4
              class="case_title_h4 m-10-bottom"
            >
              
    2016
  
            </h4>
             
            <p
              class="case_paragraph"
            >
              
      As a pet project, Mad Devs developed a streaming service and open-sourced it, quickly finding a customer who wanted to expand the service for their business.
    
            </p>
             
          </div>
          <div
            class="card-content background-color-silver"
            iconheight="51.94"
            iconwidth="51.94"
          >
            <img
              alt="Icon"
              class="card-content_icon"
              data-src="img.jpg"
              height="51.94"
              width="51.94"
            />
             
            <h4
              class="case_title_h4 m-10-bottom"
            >
              
    2017
  
            </h4>
             
            <p
              class="case_paragraph"
            >
              
      Live video streaming of popular TV channels became available.
    
            </p>
             
          </div>
        </div>
         
        <div
          class="parallax_cards__item"
        >
          <div
            class="card-content background-color-silver"
            iconheight="51.94"
            iconwidth="51.94"
          >
            <img
              alt="Icon"
              class="card-content_icon"
              data-src="img.jpg"
              height="51.94"
              width="51.94"
            />
             
            <h4
              class="case_title_h4 m-10-bottom"
            >
              
    2018
  
            </h4>
             
            <p
              class="case_paragraph"
            >
              
      The project was redesigned to optimise resource consumption.
    
            </p>
             
          </div>
          <div
            class="card-content background-color-silver"
            iconheight="51.94"
            iconwidth="51.94"
          >
            <img
              alt="Icon"
              class="card-content_icon"
              data-src="img.jpg"
              height="51.94"
              width="51.94"
            />
             
            <h4
              class="case_title_h4 m-10-bottom"
            >
              
    2019
  
            </h4>
             
            <p
              class="case_paragraph"
            >
              
      Added Video on Demand functionality.
    
            </p>
             
          </div>
          <div
            class="card-content background-color-silver"
            iconheight="51.94"
            iconwidth="51.94"
          >
            <img
              alt="Icon"
              class="card-content_icon"
              data-src="img.jpg"
              height="51.94"
              width="51.94"
            />
             
            <h4
              class="case_title_h4 m-10-bottom"
            >
              
    2020
  
            </h4>
             
            <p
              class="case_paragraph"
            >
              
      User authorisation ensured a more personalised experience for each user. Custom filters, such as ‘favourites’, ‘already watched’ and ‘search’, made the service more viewer-friendly.
    
            </p>
             
          </div>
        </div>
      </div>
    </section>
     
    <section
      class="case_phase-online-cinema"
    >
      <div
        class="container_regular"
      >
        <h3
          class="case_title_h2 m-24_bottom media-m-12_bottom"
        >
          
      Phase 1: Online cinema
    
        </h3>
         
        <p
          class="case_paragraph m-24_bottom"
        >
          
      Initially, it was decided to create a movie library with previews, duration information, etc. Purchasing videos
      was the easiest part. Pulling a good description for each movie from an external source eliminated the routine
      work related to content management. To address this issue.
    
        </p>
      </div>
       
      <div
        class="container_full background-color-silver"
      >
        <div
          class="container_regular"
        >
          <div
            class="lottie-container case_lottie"
            id="online-cinema"
            style="--height: 753px; --width: 100%;"
          />
        </div>
      </div>
       
      <div
        class="container_regular"
      >
        <textquote-stub
          class="m-auto m-96_top m-96_bottom media-m-48_top media-m-48_bottom"
        >
          
      Mad Devs integrated the platform with Plex Media Server, which provides free movie descriptions via an API.
    
        </textquote-stub>
         
        <h4
          class="case_title_h3 m-12_bottom"
        >
          
      TV shows & TV series
    
        </h4>
         
        <p
          class="case_paragraph m-96_bottom media-m-48_bottom"
        >
          
      To support the rising demand for content, the platform needed to accommodate TV shows and series. Each
      TV series collection was split into seasons for better navigation. Viewers could track their progress; some
      series were marked as already watched, and the remaining were added to the suggested content. The
      viewer could mark episodes as watched, or the platform did it automatically for them.
    
        </p>
      </div>
    </section>
     
    <phaselivestreamingtechnology-stub />
     
    <section
      class="case_redesign-and-optimisations"
    >
      <div
        class="container_regular"
      >
        <h3
          class="case_title_h2 m-24_bottom media-m-12_bottom"
        >
          
      Phase 3: Redesign & optimisations
    
        </h3>
         
        <p
          class="case_paragraph m-24_bottom media-m-12_bottom"
        >
          
      To reduce traffic while re-streaming movies and TV series, Mad Devs used Nimble Streamer and Nimble Transcoder. As
      the source provided maximum quality, re-streaming of the ‘heavy’ content was overly expensive. To maintain high
      quality while reducing costs, files were split into data packages by Nimble Streamer and sent to the viewer’s
      browser.
    
        </p>
         
        <p
          class="case_paragraph m-48_bottom media-m-24_bottom"
        >
          
      As all parts of the projects were developed independently during the first two phases, Mad Devs redesigned the
      platform infrastructure to orchestrate all of its services. The project became more organised and cost-effective,
      which was important for further growth.
    
        </p>
      </div>
       
      <div
        class="container_full background-color-silver"
      >
        <div
          class="container_regular"
        >
          <div
            class="lottie-container case_lottie"
            id="redesign-and-optimisations"
            style="--height: 570px; --width: 100%;"
          />
        </div>
      </div>
       
      <p
        class="case_paragraph m-104_bottom media-m-48_bottom case_text-align-center case_lottie-description"
      >
        
    Full Platform Architecture:
  
      </p>
    </section>
     
    <section
      class="case_video-on-demand"
    >
      <div
        class="container_regular"
      >
        <h3
          class="case_title_h2 m-24_bottom media-m-12_bottom"
        >
          
      Phase 4: Video on demand
    
        </h3>
         
        <p
          class="case_paragraph m-48_bottom media-m-24_bottom"
        >
          
      Video on Demand (VoD) functionality was added to the platform in 2019. To adapt it to the most current VoD
      standards, Mad Devs leveraged Nimble Streamer and Nimble Transcoder. The viewers received access to the
      present-day VoD experience, enabling on-the-go movie ordering and MD5 hotlink protection.
    
        </p>
      </div>
       
      <div
        class="container_full background-color-silver m-96_bottom media-m-48_bottom"
      >
        <div
          class="container_regular"
        >
          <div
            class="lottie-container case_lottie"
            id="video-on-demand"
            style="--height: 448px; --width: 100%;"
          />
        </div>
      </div>
    </section>
     
    <section
      class="container_regular m-48_bottom media-m-24_bottom"
    >
      <h3
        class="case_title_h2 m-24_bottom media-m-12_bottom"
      >
        
    Phase 5: User authorisation & personalised experience
  
      </h3>
       
      <p
        class="case_paragraph m-24_bottom"
      >
        
    In 2020, the platform launched individual user authorisation through email. With the statistics collected for each
    user, the project started to provide a more personalised experience based on people’s preferences. A number of new
    features were added to improve the existing services:
  
      </p>
       
      <ul
        class="case_list"
      >
        <li
          class="list-item_box"
        >
          Full-text search across the movie and TV series databases
        </li>
         
        <li
          class="list-item_box"
        >
          A history of interactions with various movies and TV channels.
        </li>
         
        <li
          class="list-item_box"
        >
          Suggestions to resume incompletely watched videos.
        </li>
         
        <li
          class="list-item_box"
        >
          Lists of favourites for both watched and desired content.
        </li>
      </ul>
    </section>
     
    <section
      class="container_full m-48_bottom media-m-24_bottom background-color-black-primary"
    >
      <div
        class="case_image-wrapp"
      >
        <picture-stub
          alt="OTT-like Online Video Streaming Platform App."
          extension="png"
          file="iphone-xs-max"
          folder="yourcast"
          height="609.19"
          width="305"
        />
      </div>
    </section>
     
    <section
      class="container_regular"
    >
      <p
        class="case_paragraph m-72_bottom media-m-48_bottom"
      >
        
    The development of the platform is still a work in progress. The Mad Devs team improves it with each new iteration
    and borrows best practices from leading over-the-top (OTT) providers to make end users happier. The project is
    progressing towards a modern entertainment platform.
  
      </p>
       
      <h2
        class="case_title_h3 m-24_bottom media-m-12_bottom"
      >
        
    Plans for similar projects
  
      </h2>
       
      <p
        class="case_paragraph m-96_bottom media-m-48_bottom"
      >
        
    The platform will remain the one-and-only NDA-protected project. However, Yourcast.TV is fully open source and can
    serve as a foundation for other video streaming services, assuming monetisation through subscription or
    advertising. With the experience Mad Devs gained building the platform, customers from the video streaming
    industry will be able to orchestrate back-end technologies of any complexity.
  
      </p>
    </section>
     
    <section
      class="container_regular"
    >
      <h3
        class="case_title_h2 m-24_bottom"
      >
        
    Technology stack
  
      </h3>
       
      <ul
        class="case_list-technologies m-96_bottom media-m-48_bottom"
      >
        <listtechnologiesitem-stub
          alt="Golang"
          name="go"
        />
        <listtechnologiesitem-stub
          alt="Django"
          name="django"
        />
        <listtechnologiesitem-stub
          alt="PostgreSQL"
          name="postgresql"
        />
        <listtechnologiesitem-stub
          alt="Nimble Streamer"
          name="nimble"
        />
        <listtechnologiesitem-stub
          alt="Plex Media Server"
          name="plex"
        />
        <listtechnologiesitem-stub
          alt="jQuery"
          name="jquery"
        />
        <listtechnologiesitem-stub
          alt="Video.js"
          name="video-js"
        />
        <listtechnologiesitem-stub
          alt="Nginx"
          name="nginx-txt"
        />
      </ul>
    </section>
     
    <section
      class="container_regular"
    >
      <h3
        class="case_title_h2 m-48_bottom media-m-38_bottom"
      >
        
    Meet the team
  
      </h3>
       
      <ul
        class="case_list-team m-72_bottom media-m-48_bottom"
      >
        <li
          class="case_team-item"
        >
          <picture-stub
            alt="Rinat Shcherba"
            background="true"
            class="case_team-item__image"
            extension="png"
            file="rinat-shcherba"
            folder="common"
            height="50"
            width="50"
          />
           
          <div
            class="case_team-item__info"
          >
            <p
              class="case_team-item__name"
            >
              
      Rinat Shcherba
    
            </p>
             
            <p
              class="case_team-item__position"
            >
              
      Backend Developer
    
            </p>
          </div>
        </li>
        <li
          class="case_team-item"
        >
          <picture-stub
            alt="Daniyar Chambylov"
            background="true"
            class="case_team-item__image"
            extension="png"
            file="daniyar-chambylov"
            folder="common"
            height="50"
            width="50"
          />
           
          <div
            class="case_team-item__info"
          >
            <p
              class="case_team-item__name"
            >
              
      Daniyar Chambylov
    
            </p>
             
            <p
              class="case_team-item__position"
            >
              
      Backend Developer
    
            </p>
          </div>
        </li>
        <li
          class="case_team-item"
        >
          <picture-stub
            alt="Vladimir Shebarshov"
            background="true"
            class="case_team-item__image"
            extension="png"
            file="vladimir-shebarshov"
            folder="common"
            height="50"
            width="50"
          />
           
          <div
            class="case_team-item__info"
          >
            <p
              class="case_team-item__name"
            >
              
      Vladimir Shebarshov
    
            </p>
             
            <p
              class="case_team-item__position"
            >
              
      Frontend Developer
    
            </p>
          </div>
        </li>
        <li
          class="case_team-item"
        >
          <picture-stub
            alt="Andrew Minkin"
            background="true"
            class="case_team-item__image"
            extension="png"
            file="andrew-minkin"
            folder="common"
            height="50"
            width="50"
          />
           
          <div
            class="case_team-item__info"
          >
            <p
              class="case_team-item__name"
            >
              
      Andrew Minkin
    
            </p>
             
            <p
              class="case_team-item__position"
            >
              
      CTO
    
            </p>
          </div>
        </li>
        <li
          class="case_team-item"
        >
          <picture-stub
            alt="Erik Sultanaliev"
            background="true"
            class="case_team-item__image"
            extension="png"
            file="erik-sultanaliev"
            folder="common"
            height="50"
            width="50"
          />
           
          <div
            class="case_team-item__info"
          >
            <p
              class="case_team-item__name"
            >
              
      Erik Sultanaliev
    
            </p>
             
            <p
              class="case_team-item__position"
            >
              
      Backend Developer
    
            </p>
          </div>
        </li>
      </ul>
       
      <blockquote
        alt="Andrew Minkin"
        class="case_blockquote-author m-auto case_text-align-center m-72_bottom p-48_top media-m-48_bottom"
      >
        
    While working on this project, we acquired extensive hands-on experience in building modern livestreaming and VoD
    services. We were amazed by the abundance of open-source tools available for building great OTT platforms and
    online movies. Yourcast.TV was the beginning; however, we now see that this internal project could become a
    cornerstone for many enterprise-level solutions.
   
        <div
          class="case_blockquote-author__author-info m-24_top"
        >
          <div
            class="case_blockquote-author__photo m-auto"
          >
            <picture-stub
              alt="Andrew Minkin"
              extension="png"
              file="andrew-minkin"
              folder="common"
              height="71"
              width="71"
            />
          </div>
           
          <p
            class="case_paragraph case_blockquote-author__name"
          >
            
      Andrew Minkin
    
          </p>
           
          <p
            class="case_blockquote-author__position"
          >
            
      CTO, Mad Devs
    
          </p>
        </div>
      </blockquote>
    </section>
  </section>
</div>
`;
