// Jest Snapshot v1, https://goo.gl/fbAQLP

exports[`SupportedGadgets component should render correctly 1`] = `
<div>
  <section>
    <div
      class="container_regular"
    >
      <h3
        class="case_title_h2 m-24_bottom media-m-12_bottom"
      >
        
      Supported gadgets
    
      </h3>
       
      <p
        class="case_paragraph m-48_bottom media-m-24_bottom"
      >
        
      The platform is available on any device and remains equally friendly to both web and mobile users. Since 2016, the
      project has been continuously improving to provide more options for each category of viewers.
    
      </p>
    </div>
     
    <div
      class="container_full background-color-black p-100_top p-100_bottom media-p-48_top media-p-48_bottom"
    >
      <div
        class="container_regular"
      >
        <div
          class="case_cards-group"
        >
          <div
            class="case_card case_card background-color-dark-purple06"
          >
            <h3
              class="case_title_h4 case_card-title"
            >
              
            Smartphones
          
            </h3>
             
            <!---->
             
            <div
              class="case_card-img"
            >
              <picture-stub
                alt="OTT-like Online Video Streaming Platform on IPhone X Smartphone."
                extension="png"
                file="smartphones"
                folder="yourcast"
                height="393"
                lazy="true"
                width="333"
              />
            </div>
          </div>
          <div
            class="case_card case_card background-color-dark-purple05"
          >
            <h3
              class="case_title_h4 case_card-title"
            >
              
            Tablets
          
            </h3>
             
            <!---->
             
            <div
              class="case_card-img"
            >
              <picture-stub
                alt="OTT-like Online Video Streaming Platform on IPad Tablet."
                extension="png"
                file="ipad-pro-tablets"
                folder="yourcast"
                height="768"
                lazy="true"
                width="1062"
              />
            </div>
          </div>
          <div
            class="case_card case_card background-color-dark-purple04"
          >
            <h3
              class="case_title_h4 case_card-title"
            >
              
            Laptops
          
            </h3>
             
            <!---->
             
            <div
              class="case_card-img"
            >
              <picture-stub
                alt="OTT-like Online Video Streaming Platform on MacBook Pro Laptop."
                extension="png"
                file="macbook-laptops"
                folder="yourcast"
                height="972"
                lazy="true"
                width="1324"
              />
            </div>
          </div>
        </div>
      </div>
    </div>
  </section>
</div>
`;
