// Jest Snapshot v1, https://goo.gl/fbAQLP

exports[`AuthorBanner component should render correctly 1`] = `
<div>
  <div
    class="container"
  >
    <div
      class="current-author"
    >
      <div
        class="current-author__image"
      >
        <img
          alt="Image"
          data-src=""
          height="165"
          width="165"
        />
      </div>
       
      <div
        class="current-author__info"
      >
        <h1
          class="current-author__name"
        >
          
        Maddevs
      
        </h1>
         
        <p
          class="current-author__position"
        >
          
        
      
        </p>
      </div>
       
      <div
        class="current-author__count"
      >
        <p
          class="current-author__count-posts"
        >
          
        1 Posts
      
        </p>
         
        <hr
          class="current-author__count-red-line"
        />
      </div>
       
      <div
        class="current-author__tags"
      >
        <ul
          class="current-author__tags-list"
        >
          <li
            class="current-author__tags-item"
          >
            
          Tag
        
          </li>
        </ul>
      </div>
    </div>
  </div>
</div>
`;
