// Jest Snapshot v1, https://goo.gl/fbAQLP

exports[`GridLottieSlice GridLottieSlice with items should render correctly with data 1`] = `
<div>
  <section
    class="grid-lottie aos-init aos-animate"
    data-aos="fade-up"
  >
    <div
      class="container"
    >
      <ul
        class="grid-lottie__grid"
      >
        <li
          class="card-item card-item-top"
          data-testid="grid-lottie-animation-item"
          style="background-color: rgb(255, 255, 255);"
        >
          <div
            class="card-item__lottie card-item__lottie-top"
            style="max-width: undefinedpx;"
          >
            <lottie-stub
              id="devops-audit-undefined"
              options="[object Object]"
            />
          </div>
           
          <h2
            class="card-item__title"
          >
            First item title
          </h2>
           
          <div
            class="card-item__content"
          />
        </li>
        <li
          class="card-item card-item-top"
          data-testid="grid-lottie-animation-item"
          style="background-color: rgb(255, 255, 255);"
        >
          <div
            class="card-item__lottie card-item__lottie-top"
            style="max-width: undefinedpx;"
          >
            <lottie-stub
              id="devops-audit-undefined"
              options="[object Object]"
            />
          </div>
           
          <h2
            class="card-item__title"
          >
            second item title
          </h2>
           
          <div
            class="card-item__content"
          />
        </li>
        <li
          class="card-item card-item-bottom"
          data-testid="grid-lottie-animation-item"
          style="background-color: rgb(0, 0, 0);"
        >
          <div
            class="card-item__lottie card-item__lottie-bottom"
            style="max-width: undefinedpx;"
          >
            <lottie-stub
              id="devops-audit-undefined"
              options="[object Object]"
            />
          </div>
           
          <h2
            class="card-item__title"
          >
            third item title
          </h2>
           
          <div
            class="card-item__content"
          />
        </li>
      </ul>
    </div>
  </section>
</div>
`;
