// Jest Snapshot v1, https://goo.gl/fbAQLP

exports[`CaseStudies should render correctly 1`] = `
<div>
  <section
    class="case-studies"
    id="case-studies"
  >
    <div
      class="container"
    >
      <div>
        <h2
          class="case-studies__main-title case-studies__main-title-index"
        >
          
        Case 
          <!---->
          
        Studies
      
        </h2>
         
        <!---->
      </div>
    </div>
     
    <div
      class="container"
    >
      <section
        class="cases-list"
      >
        <!---->
        <!---->
        <!---->
        <!---->
      </section>
       
      <nuxtlink-stub
        class="cases-list_see-more"
        to="/case-studies/"
      >
        <span>
          See More
        </span>
      </nuxtlink-stub>
    </div>
  </section>
</div>
`;
