// Jest Snapshot v1, https://goo.gl/fbAQLP

exports[`ToolsCategoris component should correctly render component 1`] = `
<div>
  <div
    class="tools-categories"
  >
    <button
      class="tools-categories__checkbox tools-categories__checkbox--active"
      type="button"
    >
      <div
        class="tools-categories__checkbox-icon"
        style="background-color: black;"
      />
      
    Test
  
    </button>
  </div>
</div>
`;
