// Jest Snapshot v1, https://goo.gl/fbAQLP

exports[`ModalEbook component should render correctly with no data 1`] = `
<modal-stub id="" modaltitle="" modalbackground="black" whereiscalled="" ebooksendpulsetemplateid="763889" class="modal-ebook">
  <div class="modal-content"><img width="110" height="155" data-src="img.jpg" alt="Image" class="modal-content__img">
    <readform-stub ebookpath="" ebookname="" ebooktitle="How to negotiate with an IT vendor?" ebooksubtitle="" id="modal-ebook" ebook-image="[object Object]"></readform-stub>
  </div>
</modal-stub>
`;
