// Jest Snapshot v1, https://goo.gl/fbAQLP

exports[`StartScreenImageRightAndButton component should correctly render startScreenImageRightAndButton 1`] = `
<div>
  <section
    class="start-screen-slice start-screen-slice-with-image"
    data-testid="start-screen-slice-with-image"
    id="transparent-header-area"
  >
    <img
      alt="img"
      class="start-screen-slice__image"
      data-testid="start-screen-slice__image"
      height="969"
      src="img.jpg"
      style="opacity: 0.9;"
      width="1680"
    />
     
    <div
      class="container"
    >
      <div
        class="start-screen-slice__flex-wrapper"
        style="opacity: 1;"
      >
        <div
          class="start-screen-slice__content"
        >
          <div
            class="start-screen-slice__titles-wrapper"
          >
            <prismicrichtext-stub
              class="start-screen-slice__title"
              data-testid="start-screen-slice__title"
              field="[object Object]"
              html-serializer="function () { [native code] }"
            />
          </div>
           
          <prismicrichtext-stub
            class="start-screen-slice__subtitle"
            data-testid="start-screen-slice__subtitle"
            field="[object Object]"
            html-serializer="function () { [native code] }"
          />
           
          <div
            class="start-screen-slice__btn-box"
          >
            <uibutton-stub
              class="start-screen-slice__btn"
              to="/"
            >
              
            Test text
            
              <img
                alt="Arrow"
                height="20"
                src="@/assets/img/common/arrow-up-right.svg"
                width="20"
              />
            </uibutton-stub>
          </div>
        </div>
         
        <div
          class="start-screen-slice__img-box"
        >
          <img
            alt="img"
            class="start-screen-slice__img-box-image"
            data-testid="right-image"
            height="380.25"
            src="img.jpg"
            width="259.69"
          />
        </div>
      </div>
    </div>
     
    <transition-stub
      class="modal-ebook"
      mode="out-in"
      name="main-fade"
    >
      <!---->
    </transition-stub>
  </section>
</div>
`;
