// Jest Snapshot v1, https://goo.gl/fbAQLP

exports[`Customers component should render correctly 1`] = `
<div>
  <section
    class="customers"
    id="customers"
  >
    <div
      class="container"
    >
      <div
        class="customers__text-content"
      >
        <h2
          class="customers__main-title"
        >
          
        Our valued customers
      
        </h2>
         
        <p
          class="customers__description"
        >
          
        Due to our NDAs and confidentiality requirements, we cannot disclose details for all of our customers. These
        are a few of the companies we work with.
      
        </p>
      </div>
       
      <uicustomerslist-stub
        customers="clutch,godee,veeqo,logo-internews,guardrails,triggermesh,sjmc,ab,itc,bandpay,mythril,topica,lido,bile-bile,allo-doc,terbine-logo,megauni,iotsploit,kickoico,tengri,frame-a,kuprik,lendsmart,thea,eatigo,iothub,loadify,admitad,teacherly,progressay,nambafood,seso,peklo,nambataxi,edumall,terbine,silk-road,vms,ase,logo-logo"
        iconbackground="transparent"
      />
    </div>
  </section>
</div>
`;
