// Jest Snapshot v1, https://goo.gl/fbAQLP

exports[`Footer component should render correctly 1`] = `
<div>
  <footer
    class="footer "
    data-testid="test-footer"
  >
    <div
      class="container"
    >
      <div
        class="footer__content"
      >
        <div
          class="footer__content-left"
        >
          <h2
            class="footer__main-title"
          >
            
          Get In Touch
        
          </h2>
           
          <!---->
           
          <!---->
        </div>
         
        <div
          class="footer__content-right"
        >
          <!---->
        </div>
      </div>
       
      <div
        class="footer__mobile-content footer__social-network-list-mobile"
      >
        <!---->
      </div>
       
      <div
        class="footer__mobile-content"
      >
        <!---->
      </div>
    </div>
  </footer>
</div>
`;
