// Jest Snapshot v1, https://goo.gl/fbAQLP

exports[`FooterNavbarMobile component should render correctly 1`] = `
<div>
  <div
    class="footer-navbar-mobile"
  >
    <p
      class="footer-navbar-mobile__company-name"
    >
      
    © Mad Devs - 2022
  
    </p>
     
    <div
      class="footer-navbar-mobile__nav-list"
    />
  </div>
</div>
`;
